[abl] 模板 stem: b36c705fde93a797
[abl] 训练产物: id 5, tered 5 (tr400000)

[abl] ===== bin.116 (atfull): id 287061 / tered 275848 节点 =====
  [identity+rate][A1:base] alerts=20 TP=5 cov=0.29 F1=0.270 best=0.303@b16 nodeF1=0.141 (17.4s)
  [identity+rate][A1:legacy_agg] alerts=20 TP=3 cov=0.21 F1=0.174 best=0.256@b1 nodeF1=0.141 (13.2s)
  [identity+rate][A1:legacy_cmax] alerts=20 TP=5 cov=0.29 F1=0.270 best=0.303@b16 nodeF1=0.141 (13.2s)
  [identity+rate][A1:legacy_w1] alerts=20 TP=5 cov=0.29 F1=0.270 best=0.303@b16 nodeF1=0.141 (13.2s)
  [identity+rate][A1:no_bfs] alerts=20 TP=0 cov=0.00 F1=0.000 best=0.000@b0 nodeF1=0.141 (0.0s)
  [identity+rate][A1:no_rank] alerts=20 TP=5 cov=0.29 F1=0.270 best=0.303@b16 nodeF1=0.141 (13.2s)
  [identity+rate][A1:bfs_q50] alerts=20 TP=6 cov=0.29 F1=0.297 best=0.321@b17 nodeF1=0.141 (13.3s)
  [identity+rate][A1:bfs_q90] alerts=20 TP=2 cov=0.06 F1=0.074 best=0.098@b7 nodeF1=0.141 (12.2s)
  [identity+rate][A1:w050] alerts=20 TP=5 cov=0.29 F1=0.270 best=0.303@b16 nodeF1=0.141 (13.2s)
  [identity+rate][A1:w000] alerts=20 TP=5 cov=0.29 F1=0.270 best=0.303@b16 nodeF1=0.141 (13.2s)
  [identity+rate][A3:sort_p95] alerts=20 TP=6 cov=0.32 F1=0.311 best=0.311@b20 nodeF1=0.141 (13.3s)
  [identity+rate][A4:drop_log_deg] nodeF1=0.015 cov=0.06 best=0.111@b1 (12.4s)
  [identity+rate][A4:drop_out_in_ratio] nodeF1=0.009 cov=0.24 best=0.308@b9 (13.3s)
  [identity+rate][A4:drop_self_loop] nodeF1=0.240 cov=0.29 best=0.417@b7 (14.0s)
  [identity+rate] 累计 215s
  [TeRed+naive][A1:base] alerts=20 TP=5 cov=0.37 F1=0.298 best=0.465@b8 nodeF1=0.174 (11.7s)
  [TeRed+naive][A1:legacy_agg] alerts=20 TP=2 cov=0.26 F1=0.145 best=0.414@b2 nodeF1=0.174 (11.6s)
  [TeRed+naive][A1:legacy_cmax] alerts=20 TP=5 cov=0.37 F1=0.298 best=0.465@b8 nodeF1=0.174 (11.6s)
  [TeRed+naive][A1:legacy_w1] alerts=20 TP=5 cov=0.37 F1=0.298 best=0.465@b8 nodeF1=0.174 (11.6s)
  [TeRed+naive][A1:no_bfs] alerts=20 TP=5 cov=0.02 F1=0.040 best=0.040@b20 nodeF1=0.174 (0.1s)
  [TeRed+naive][A1:no_rank] alerts=20 TP=5 cov=0.37 F1=0.298 best=0.465@b8 nodeF1=0.174 (11.6s)
  [TeRed+naive][A1:bfs_q50] alerts=20 TP=6 cov=0.39 F1=0.340 best=0.493@b9 nodeF1=0.174 (11.8s)
  [TeRed+naive][A1:bfs_q90] alerts=8 TP=0 cov=0.00 F1=0.000 best=0.000@b0 nodeF1=0.174 (10.5s)
  [TeRed+naive][A1:w050] alerts=20 TP=5 cov=0.37 F1=0.298 best=0.465@b8 nodeF1=0.174 (11.7s)
  [TeRed+naive][A1:w000] alerts=20 TP=5 cov=0.37 F1=0.298 best=0.465@b8 nodeF1=0.174 (11.7s)
  [TeRed+naive][A3:sort_p95] alerts=20 TP=2 cov=0.26 F1=0.145 best=0.229@b3 nodeF1=0.174 (11.7s)
  [TeRed+naive][A4:drop_log_deg] nodeF1=0.067 cov=0.20 best=0.253@b4 (11.4s)
  [TeRed+naive][A4:drop_out_in_ratio] nodeF1=0.021 cov=0.43 best=0.452@b6 (11.7s)
  [TeRed+naive][A4:drop_self_loop] nodeF1=0.214 cov=0.39 best=0.525@b5 (11.8s)
  [TeRed+naive] 累计 185s
  [TeRed+RATE][A1:base] alerts=20 TP=5 cov=0.39 F1=0.305 best=0.425@b8 nodeF1=0.174 (11.7s)
  [TeRed+RATE][A1:legacy_agg] alerts=20 TP=2 cov=0.30 F1=0.150 best=0.357@b1 nodeF1=0.174 (11.6s)
  [TeRed+RATE][A1:legacy_cmax] alerts=20 TP=5 cov=0.39 F1=0.305 best=0.425@b8 nodeF1=0.174 (11.7s)
  [TeRed+RATE][A1:legacy_w1] alerts=20 TP=5 cov=0.39 F1=0.305 best=0.425@b8 nodeF1=0.174 (11.6s)
  [TeRed+RATE][A1:no_bfs] alerts=20 TP=5 cov=0.02 F1=0.040 best=0.040@b20 nodeF1=0.174 (0.1s)
  [TeRed+RATE][A1:no_rank] alerts=20 TP=5 cov=0.39 F1=0.305 best=0.425@b8 nodeF1=0.174 (11.8s)
  [TeRed+RATE][A1:bfs_q50] alerts=20 TP=6 cov=0.37 F1=0.331 best=0.495@b8 nodeF1=0.174 (11.7s)
  [TeRed+RATE][A1:bfs_q90] alerts=8 TP=0 cov=0.00 F1=0.000 best=0.000@b0 nodeF1=0.174 (10.5s)
  [TeRed+RATE][A1:w050] alerts=20 TP=5 cov=0.39 F1=0.305 best=0.425@b8 nodeF1=0.174 (11.7s)
  [TeRed+RATE][A1:w000] alerts=20 TP=5 cov=0.39 F1=0.305 best=0.425@b8 nodeF1=0.174 (11.8s)
  [TeRed+RATE][A3:sort_p95] alerts=20 TP=3 cov=0.33 F1=0.205 best=0.233@b4 nodeF1=0.174 (11.7s)
  [TeRed+RATE][A4:drop_log_deg] nodeF1=0.067 cov=0.30 best=0.414@b1 (11.7s)
  [TeRed+RATE][A4:drop_out_in_ratio] nodeF1=0.022 cov=0.30 best=0.397@b3 (11.7s)
  [TeRed+RATE][A4:drop_self_loop] nodeF1=0.214 cov=0.41 best=0.512@b6 (11.9s)
  [TeRed+RATE] 累计 186s

[abl] ===== bin.117 (atfull): id 267500 / tered 257690 节点 =====
  [identity+rate][A1:base] alerts=20 TP=8 cov=0.40 F1=0.400 best=0.444@b16 nodeF1=0.158 (20.3s)
  [identity+rate][A1:legacy_agg] alerts=20 TP=5 cov=0.30 F1=0.273 best=0.276@b14 nodeF1=0.158 (13.9s)
  [identity+rate][A1:legacy_cmax] alerts=20 TP=8 cov=0.40 F1=0.400 best=0.444@b16 nodeF1=0.158 (13.9s)
  [identity+rate][A1:legacy_w1] alerts=20 TP=8 cov=0.40 F1=0.400 best=0.444@b16 nodeF1=0.158 (13.9s)
  [identity+rate][A1:no_bfs] alerts=20 TP=0 cov=0.00 F1=0.000 best=0.000@b0 nodeF1=0.158 (0.0s)
  [identity+rate][A1:no_rank] alerts=20 TP=8 cov=0.40 F1=0.400 best=0.444@b16 nodeF1=0.158 (14.0s)
  [identity+rate][A1:bfs_q50] alerts=20 TP=6 cov=0.33 F1=0.316 best=0.375@b14 nodeF1=0.158 (13.9s)
  [identity+rate][A1:bfs_q90] alerts=20 TP=5 cov=0.03 F1=0.059 best=0.063@b7 nodeF1=0.158 (13.1s)
  [identity+rate][A1:w050] alerts=20 TP=8 cov=0.40 F1=0.400 best=0.444@b16 nodeF1=0.158 (13.9s)
  [identity+rate][A1:w000] alerts=20 TP=8 cov=0.40 F1=0.400 best=0.444@b16 nodeF1=0.158 (14.0s)
  [identity+rate][A3:sort_p95] alerts=20 TP=9 cov=0.43 F1=0.442 best=0.442@b20 nodeF1=0.158 (13.9s)
  [identity+rate][A4:drop_log_deg] nodeF1=0.021 cov=0.23 best=0.250@b6 (13.4s)
  [identity+rate][A4:drop_out_in_ratio] nodeF1=0.009 cov=0.20 best=0.308@b6 (13.2s)
  [identity+rate][A4:drop_self_loop] nodeF1=0.308 cov=0.40 best=0.571@b6 (14.0s)
  [identity+rate] 累计 227s
  [TeRed+naive][A1:base] alerts=20 TP=8 cov=0.54 F1=0.461 best=0.654@b3 nodeF1=0.213 (14.2s)
  [TeRed+naive][A1:legacy_agg] alerts=20 TP=4 cov=0.49 F1=0.283 best=0.654@b3 nodeF1=0.213 (14.2s)
  [TeRed+naive][A1:legacy_cmax] alerts=20 TP=8 cov=0.54 F1=0.461 best=0.654@b3 nodeF1=0.213 (14.2s)
  [TeRed+naive][A1:legacy_w1] alerts=20 TP=8 cov=0.54 F1=0.461 best=0.654@b3 nodeF1=0.213 (14.2s)
  [TeRed+naive][A1:no_bfs] alerts=20 TP=0 cov=0.00 F1=0.000 best=0.000@b0 nodeF1=0.213 (0.0s)
  [TeRed+naive][A1:no_rank] alerts=20 TP=8 cov=0.54 F1=0.461 best=0.654@b3 nodeF1=0.213 (14.2s)
  [TeRed+naive][A1:bfs_q50] alerts=20 TP=8 cov=0.63 F1=0.489 best=0.654@b3 nodeF1=0.213 (14.2s)
  [TeRed+naive][A1:bfs_q90] alerts=12 TP=1 cov=0.03 F1=0.043 best=0.054@b2 nodeF1=0.213 (12.9s)
  [TeRed+naive][A1:w050] alerts=20 TP=8 cov=0.54 F1=0.461 best=0.654@b3 nodeF1=0.213 (14.2s)
  [TeRed+naive][A1:w000] alerts=20 TP=8 cov=0.54 F1=0.461 best=0.654@b3 nodeF1=0.213 (14.4s)
  [TeRed+naive][A3:sort_p95] alerts=20 TP=5 cov=0.23 F1=0.239 best=0.251@b18 nodeF1=0.213 (14.2s)
  [TeRed+naive][A4:drop_log_deg] nodeF1=0.086 cov=0.49 best=0.627@b3 (13.5s)
  [TeRed+naive][A4:drop_out_in_ratio] nodeF1=0.024 cov=0.46 best=0.590@b6 (13.8s)
  [TeRed+naive][A4:drop_self_loop] nodeF1=0.281 cov=0.51 best=0.643@b7 (14.4s)
  [TeRed+naive] 累计 223s
  [TeRed+RATE][A1:base] alerts=20 TP=9 cov=0.57 F1=0.503 best=0.679@b4 nodeF1=0.213 (14.3s)
  [TeRed+RATE][A1:legacy_agg] alerts=20 TP=5 cov=0.54 F1=0.342 best=0.679@b4 nodeF1=0.213 (14.2s)
  [TeRed+RATE][A1:legacy_cmax] alerts=20 TP=9 cov=0.57 F1=0.503 best=0.679@b4 nodeF1=0.213 (14.2s)
  [TeRed+RATE][A1:legacy_w1] alerts=20 TP=9 cov=0.57 F1=0.503 best=0.679@b4 nodeF1=0.213 (14.3s)
  [TeRed+RATE][A1:no_bfs] alerts=20 TP=0 cov=0.00 F1=0.000 best=0.000@b0 nodeF1=0.213 (0.0s)
  [TeRed+RATE][A1:no_rank] alerts=20 TP=9 cov=0.57 F1=0.503 best=0.679@b4 nodeF1=0.213 (14.3s)
  [TeRed+RATE][A1:bfs_q50] alerts=20 TP=8 cov=0.54 F1=0.461 best=0.654@b3 nodeF1=0.213 (14.3s)
  [TeRed+RATE][A1:bfs_q90] alerts=13 TP=1 cov=0.03 F1=0.042 best=0.054@b2 nodeF1=0.213 (13.1s)
  [TeRed+RATE][A1:w050] alerts=20 TP=9 cov=0.57 F1=0.503 best=0.679@b4 nodeF1=0.213 (14.2s)
  [TeRed+RATE][A1:w000] alerts=20 TP=9 cov=0.57 F1=0.503 best=0.679@b4 nodeF1=0.213 (14.3s)
  [TeRed+RATE][A3:sort_p95] alerts=20 TP=4 cov=0.31 F1=0.244 best=0.260@b18 nodeF1=0.213 (14.3s)
  [TeRed+RATE][A4:drop_log_deg] nodeF1=0.086 cov=0.40 best=0.522@b4 (13.7s)
  [TeRed+RATE][A4:drop_out_in_ratio] nodeF1=0.026 cov=0.54 best=0.679@b3 (13.7s)
  [TeRed+RATE][A4:drop_self_loop] nodeF1=0.281 cov=0.60 best=0.667@b8 (14.2s)
  [TeRed+RATE] 累计 224s

[abl] ===== bin.118 (atfull): id 265865 / tered 256447 节点 =====
  [identity+rate][A1:base] alerts=20 TP=9 cov=0.56 F1=0.497 best=0.606@b12 nodeF1=0.135 (18.7s)
  [identity+rate][A1:legacy_agg] alerts=20 TP=8 cov=0.52 F1=0.452 best=0.465@b19 nodeF1=0.135 (13.4s)
  [identity+rate][A1:legacy_cmax] alerts=20 TP=9 cov=0.56 F1=0.497 best=0.606@b12 nodeF1=0.135 (13.4s)
  [identity+rate][A1:legacy_w1] alerts=20 TP=9 cov=0.56 F1=0.497 best=0.606@b12 nodeF1=0.135 (13.4s)
  [identity+rate][A1:no_bfs] alerts=20 TP=0 cov=0.00 F1=0.000 best=0.000@b0 nodeF1=0.135 (0.0s)
  [identity+rate][A1:no_rank] alerts=20 TP=9 cov=0.56 F1=0.497 best=0.606@b12 nodeF1=0.135 (13.4s)
  [identity+rate][A1:bfs_q50] alerts=20 TP=6 cov=0.59 F1=0.398 best=0.478@b15 nodeF1=0.135 (14.0s)
  [identity+rate][A1:bfs_q90] alerts=20 TP=7 cov=0.11 F1=0.169 best=0.185@b11 nodeF1=0.135 (13.1s)
  [identity+rate][A1:w050] alerts=20 TP=9 cov=0.56 F1=0.497 best=0.606@b12 nodeF1=0.135 (14.1s)
  [identity+rate][A1:w000] alerts=20 TP=9 cov=0.56 F1=0.497 best=0.606@b12 nodeF1=0.135 (14.0s)
  [identity+rate][A3:sort_p95] alerts=20 TP=6 cov=0.56 F1=0.390 best=0.390@b20 nodeF1=0.135 (14.1s)
  [identity+rate][A4:drop_log_deg] nodeF1=0.028 cov=0.52 best=0.449@b7 (13.4s)
  [identity+rate][A4:drop_out_in_ratio] nodeF1=0.012 cov=0.48 best=0.544@b8 (13.7s)
  [identity+rate][A4:drop_self_loop] nodeF1=0.286 cov=0.48 best=0.580@b6 (14.1s)
  [identity+rate] 累计 224s
  [TeRed+naive][A1:base] alerts=20 TP=6 cov=0.62 F1=0.404 best=0.667@b1 nodeF1=0.202 (12.6s)
  [TeRed+naive][A1:legacy_agg] alerts=20 TP=2 cov=0.53 F1=0.168 best=0.500@b2 nodeF1=0.202 (12.6s)
  [TeRed+naive][A1:legacy_cmax] alerts=20 TP=6 cov=0.62 F1=0.404 best=0.667@b1 nodeF1=0.202 (12.6s)
  [TeRed+naive][A1:legacy_w1] alerts=20 TP=6 cov=0.62 F1=0.404 best=0.667@b1 nodeF1=0.202 (12.6s)
  [TeRed+naive][A1:no_bfs] alerts=20 TP=2 cov=0.03 F1=0.045 best=0.045@b20 nodeF1=0.202 (0.0s)
  [TeRed+naive][A1:no_rank] alerts=20 TP=6 cov=0.62 F1=0.404 best=0.667@b1 nodeF1=0.202 (12.5s)
  [TeRed+naive][A1:bfs_q50] alerts=20 TP=8 cov=0.50 F1=0.444 best=0.505@b11 nodeF1=0.202 (12.5s)
  [TeRed+naive][A1:bfs_q90] alerts=16 TP=3 cov=0.09 F1=0.120 best=0.162@b2 nodeF1=0.202 (11.5s)
  [TeRed+naive][A1:w050] alerts=20 TP=6 cov=0.62 F1=0.404 best=0.667@b1 nodeF1=0.202 (12.7s)
  [TeRed+naive][A1:w000] alerts=20 TP=6 cov=0.62 F1=0.404 best=0.667@b1 nodeF1=0.202 (12.6s)
  [TeRed+naive][A3:sort_p95] alerts=20 TP=2 cov=0.53 F1=0.168 best=0.193@b17 nodeF1=0.202 (12.7s)
  [TeRed+naive][A4:drop_log_deg] nodeF1=0.112 cov=0.50 best=0.553@b2 (12.3s)
  [TeRed+naive][A4:drop_out_in_ratio] nodeF1=0.030 cov=0.53 best=0.640@b1 (12.4s)
  [TeRed+naive][A4:drop_self_loop] nodeF1=0.239 cov=0.59 best=0.640@b2 (12.7s)
  [TeRed+naive] 累计 199s
  [TeRed+RATE][A1:base] alerts=20 TP=6 cov=0.62 F1=0.404 best=0.553@b1 nodeF1=0.200 (12.6s)
  [TeRed+RATE][A1:legacy_agg] alerts=20 TP=2 cov=0.44 F1=0.163 best=0.553@b1 nodeF1=0.200 (12.6s)
  [TeRed+RATE][A1:legacy_cmax] alerts=20 TP=6 cov=0.62 F1=0.404 best=0.553@b1 nodeF1=0.200 (12.5s)
  [TeRed+RATE][A1:legacy_w1] alerts=20 TP=6 cov=0.62 F1=0.404 best=0.553@b1 nodeF1=0.200 (12.6s)
  [TeRed+RATE][A1:no_bfs] alerts=20 TP=2 cov=0.03 F1=0.045 best=0.045@b20 nodeF1=0.200 (0.0s)
  [TeRed+RATE][A1:no_rank] alerts=20 TP=6 cov=0.62 F1=0.404 best=0.553@b1 nodeF1=0.200 (12.6s)
  [TeRed+RATE][A1:bfs_q50] alerts=20 TP=8 cov=0.65 F1=0.494 best=0.564@b14 nodeF1=0.200 (12.6s)
  [TeRed+RATE][A1:bfs_q90] alerts=17 TP=3 cov=0.12 F1=0.141 best=0.210@b2 nodeF1=0.200 (11.5s)
  [TeRed+RATE][A1:w050] alerts=20 TP=6 cov=0.62 F1=0.404 best=0.553@b1 nodeF1=0.200 (12.7s)
  [TeRed+RATE][A1:w000] alerts=20 TP=6 cov=0.62 F1=0.404 best=0.553@b1 nodeF1=0.200 (12.7s)
  [TeRed+RATE][A3:sort_p95] alerts=20 TP=1 cov=0.38 F1=0.088 best=0.208@b7 nodeF1=0.200 (12.6s)
  [TeRed+RATE][A4:drop_log_deg] nodeF1=0.111 cov=0.56 best=0.531@b3 (12.4s)
  [TeRed+RATE][A4:drop_out_in_ratio] nodeF1=0.027 cov=0.74 best=0.585@b10 (12.5s)
  [TeRed+RATE][A4:drop_self_loop] nodeF1=0.237 cov=0.71 best=0.588@b7 (12.7s)
  [TeRed+RATE] 累计 200s

[abl] ===== bin.119@500000 (at500000): id 18635 / tered 17252 节点 =====
  [identity+rate][A1:base] alerts=10 TP=1 cov=0.80 F1=0.178 best=0.889@b1 nodeF1=0.286 (0.8s)
  [identity+rate][A1:legacy_agg] alerts=10 TP=1 cov=0.80 F1=0.178 best=0.889@b1 nodeF1=0.286 (0.7s)
  [identity+rate][A1:legacy_cmax] alerts=10 TP=1 cov=0.80 F1=0.178 best=0.889@b1 nodeF1=0.286 (0.7s)
  [identity+rate][A1:legacy_w1] alerts=10 TP=1 cov=0.80 F1=0.178 best=0.889@b1 nodeF1=0.286 (0.7s)
  [identity+rate][A1:no_bfs] alerts=20 TP=2 cov=0.10 F1=0.100 best=0.167@b2 nodeF1=0.286 (0.0s)
  [identity+rate][A1:no_rank] alerts=10 TP=1 cov=0.80 F1=0.178 best=0.889@b1 nodeF1=0.286 (0.7s)
  [identity+rate][A1:bfs_q50] alerts=20 TP=3 cov=1.00 F1=0.261 best=0.947@b2 nodeF1=0.286 (1.0s)
  [identity+rate][A1:bfs_q90] alerts=12 TP=1 cov=0.70 F1=0.149 best=0.824@b1 nodeF1=0.286 (0.7s)
  [identity+rate][A1:w050] alerts=10 TP=1 cov=0.80 F1=0.178 best=0.889@b1 nodeF1=0.286 (0.7s)
  [identity+rate][A1:w000] alerts=10 TP=1 cov=0.80 F1=0.178 best=0.889@b1 nodeF1=0.286 (0.7s)
  [identity+rate][A3:sort_p95] alerts=10 TP=1 cov=0.80 F1=0.178 best=0.615@b2 nodeF1=0.286 (0.7s)
  [identity+rate][A4:drop_log_deg] nodeF1=0.065 cov=0.40 best=0.571@b1 (0.8s)
  [identity+rate][A4:drop_out_in_ratio] nodeF1=0.043 cov=0.80 best=0.889@b1 (0.8s)
  [identity+rate][A4:drop_self_loop] nodeF1=0.308 cov=0.90 best=0.947@b1 (0.8s)
  [identity+rate] 累计 17s
  [TeRed+naive][A1:base] alerts=20 TP=1 cov=0.87 F1=0.095 best=0.929@b1 nodeF1=0.235 (0.6s)
  [TeRed+naive][A1:legacy_agg] alerts=20 TP=1 cov=0.87 F1=0.095 best=0.634@b2 nodeF1=0.235 (0.6s)
  [TeRed+naive][A1:legacy_cmax] alerts=20 TP=1 cov=0.87 F1=0.095 best=0.929@b1 nodeF1=0.235 (0.6s)
  [TeRed+naive][A1:legacy_w1] alerts=20 TP=1 cov=0.87 F1=0.095 best=0.929@b1 nodeF1=0.235 (0.6s)
  [TeRed+naive][A1:no_bfs] alerts=20 TP=2 cov=0.07 F1=0.080 best=0.125@b1 nodeF1=0.235 (0.0s)
  [TeRed+naive][A1:no_rank] alerts=20 TP=1 cov=0.87 F1=0.095 best=0.929@b1 nodeF1=0.235 (0.6s)
  [TeRed+naive][A1:bfs_q50] alerts=20 TP=2 cov=0.93 F1=0.181 best=0.889@b1 nodeF1=0.235 (0.6s)
  [TeRed+naive][A1:bfs_q90] alerts=5 TP=2 cov=0.80 F1=0.533 best=0.727@b3 nodeF1=0.235 (0.6s)
  [TeRed+naive][A1:w050] alerts=20 TP=1 cov=0.87 F1=0.095 best=0.929@b1 nodeF1=0.235 (0.6s)
  [TeRed+naive][A1:w000] alerts=20 TP=1 cov=0.87 F1=0.095 best=0.929@b1 nodeF1=0.235 (0.6s)
  [TeRed+naive][A3:sort_p95] alerts=20 TP=1 cov=0.87 F1=0.095 best=0.152@b12 nodeF1=0.235 (0.6s)
  [TeRed+naive][A4:drop_log_deg] nodeF1=0.143 cov=0.80 best=0.889@b1 (0.7s)
  [TeRed+naive][A4:drop_out_in_ratio] nodeF1=0.138 cov=0.80 best=0.889@b2 (0.7s)
  [TeRed+naive][A4:drop_self_loop] nodeF1=0.235 cov=0.87 best=0.929@b1 (0.7s)
  [TeRed+naive] 累计 14s
  [TeRed+RATE][A1:base] alerts=20 TP=2 cov=0.87 F1=0.179 best=0.846@b1 nodeF1=0.235 (0.6s)
  [TeRed+RATE][A1:legacy_agg] alerts=20 TP=2 cov=0.87 F1=0.179 best=0.754@b3 nodeF1=0.235 (0.6s)
  [TeRed+RATE][A1:legacy_cmax] alerts=20 TP=2 cov=0.87 F1=0.179 best=0.846@b1 nodeF1=0.235 (0.6s)
  [TeRed+RATE][A1:legacy_w1] alerts=20 TP=2 cov=0.87 F1=0.179 best=0.846@b1 nodeF1=0.235 (0.6s)
  [TeRed+RATE][A1:no_bfs] alerts=20 TP=2 cov=0.07 F1=0.080 best=0.125@b1 nodeF1=0.235 (0.0s)
  [TeRed+RATE][A1:no_rank] alerts=20 TP=2 cov=0.87 F1=0.179 best=0.846@b1 nodeF1=0.235 (0.6s)
  [TeRed+RATE][A1:bfs_q50] alerts=20 TP=3 cov=1.00 F1=0.261 best=0.889@b1 nodeF1=0.235 (0.6s)
  [TeRed+RATE][A1:bfs_q90] alerts=5 TP=1 cov=0.80 F1=0.320 best=0.889@b1 nodeF1=0.235 (0.6s)
  [TeRed+RATE][A1:w050] alerts=20 TP=2 cov=0.87 F1=0.179 best=0.846@b1 nodeF1=0.235 (0.6s)
  [TeRed+RATE][A1:w000] alerts=20 TP=2 cov=0.87 F1=0.179 best=0.846@b1 nodeF1=0.235 (0.6s)
  [TeRed+RATE][A3:sort_p95] alerts=20 TP=2 cov=0.87 F1=0.179 best=0.388@b8 nodeF1=0.235 (0.6s)
  [TeRed+RATE][A4:drop_log_deg] nodeF1=0.138 cov=0.80 best=0.889@b1 (0.7s)
  [TeRed+RATE][A4:drop_out_in_ratio] nodeF1=0.156 cov=0.73 best=0.846@b2 (0.7s)
  [TeRed+RATE][A4:drop_self_loop] nodeF1=0.235 cov=0.87 best=0.846@b1 (0.7s)
  [TeRed+RATE] 累计 14s

[abl] ===== bin.120 (atfull): id 295765 / tered 285794 节点 =====
  [identity+rate][A1:base] alerts=20 TP=4 cov=0.43 F1=0.273 best=0.385@b1 nodeF1=0.139 (18.5s)
  [identity+rate][A1:legacy_agg] alerts=20 TP=2 cov=0.33 F1=0.154 best=0.385@b1 nodeF1=0.139 (14.0s)
  [identity+rate][A1:legacy_cmax] alerts=20 TP=4 cov=0.43 F1=0.273 best=0.385@b1 nodeF1=0.139 (14.0s)
  [identity+rate][A1:legacy_w1] alerts=20 TP=4 cov=0.43 F1=0.273 best=0.385@b1 nodeF1=0.139 (13.4s)
  [identity+rate][A1:no_bfs] alerts=20 TP=0 cov=0.00 F1=0.000 best=0.000@b0 nodeF1=0.139 (0.0s)
  [identity+rate][A1:no_rank] alerts=20 TP=4 cov=0.43 F1=0.273 best=0.385@b1 nodeF1=0.139 (13.4s)
  [identity+rate][A1:bfs_q50] alerts=20 TP=5 cov=0.48 F1=0.328 best=0.425@b13 nodeF1=0.139 (13.5s)
  [identity+rate][A1:bfs_q90] alerts=20 TP=2 cov=0.10 F1=0.098 best=0.154@b5 nodeF1=0.139 (13.0s)
  [identity+rate][A1:w050] alerts=20 TP=4 cov=0.43 F1=0.273 best=0.385@b1 nodeF1=0.139 (14.1s)
  [identity+rate][A1:w000] alerts=20 TP=4 cov=0.43 F1=0.273 best=0.385@b1 nodeF1=0.139 (14.0s)
  [identity+rate][A3:sort_p95] alerts=20 TP=4 cov=0.43 F1=0.273 best=0.273@b20 nodeF1=0.139 (14.0s)
  [identity+rate][A4:drop_log_deg] nodeF1=0.017 cov=0.14 best=0.176@b13 (13.4s)
  [identity+rate][A4:drop_out_in_ratio] nodeF1=0.008 cov=0.38 best=0.356@b12 (14.2s)
  [identity+rate][A4:drop_self_loop] nodeF1=0.244 cov=0.38 best=0.390@b10 (14.1s)
  [identity+rate] 累计 225s
  [TeRed+naive][A1:base] alerts=20 TP=7 cov=0.54 F1=0.424 best=0.556@b3 nodeF1=0.203 (11.4s)
  [TeRed+naive][A1:legacy_agg] alerts=20 TP=3 cov=0.38 F1=0.216 best=0.556@b2 nodeF1=0.203 (10.9s)
  [TeRed+naive][A1:legacy_cmax] alerts=20 TP=7 cov=0.54 F1=0.424 best=0.556@b3 nodeF1=0.203 (11.3s)
  [TeRed+naive][A1:legacy_w1] alerts=20 TP=7 cov=0.54 F1=0.424 best=0.556@b3 nodeF1=0.203 (11.3s)
  [TeRed+naive][A1:no_bfs] alerts=20 TP=3 cov=0.04 F1=0.061 best=0.061@b20 nodeF1=0.203 (0.1s)
  [TeRed+naive][A1:no_rank] alerts=20 TP=7 cov=0.54 F1=0.424 best=0.556@b3 nodeF1=0.203 (11.3s)
  [TeRed+naive][A1:bfs_q50] alerts=20 TP=6 cov=0.58 F1=0.395 best=0.514@b1 nodeF1=0.203 (11.3s)
  [TeRed+naive][A1:bfs_q90] alerts=13 TP=0 cov=0.00 F1=0.000 best=0.000@b0 nodeF1=0.203 (10.2s)
  [TeRed+naive][A1:w050] alerts=20 TP=7 cov=0.54 F1=0.424 best=0.556@b3 nodeF1=0.203 (11.2s)
  [TeRed+naive][A1:w000] alerts=20 TP=7 cov=0.54 F1=0.424 best=0.556@b3 nodeF1=0.203 (10.9s)
  [TeRed+naive][A3:sort_p95] alerts=20 TP=3 cov=0.50 F1=0.231 best=0.261@b17 nodeF1=0.203 (10.9s)
  [TeRed+naive][A4:drop_log_deg] nodeF1=0.062 cov=0.23 best=0.293@b10 (10.7s)
  [TeRed+naive][A4:drop_out_in_ratio] nodeF1=0.021 cov=0.42 best=0.518@b6 (11.1s)
  [TeRed+naive][A4:drop_self_loop] nodeF1=0.256 cov=0.58 best=0.638@b7 (11.5s)
  [TeRed+naive] 累计 178s
  [TeRed+RATE][A1:base] alerts=20 TP=5 cov=0.65 F1=0.362 best=0.471@b1 nodeF1=0.203 (11.4s)
  [TeRed+RATE][A1:legacy_agg] alerts=20 TP=2 cov=0.35 F1=0.155 best=0.471@b1 nodeF1=0.203 (11.3s)
  [TeRed+RATE][A1:legacy_cmax] alerts=20 TP=5 cov=0.65 F1=0.362 best=0.471@b1 nodeF1=0.203 (11.3s)
  [TeRed+RATE][A1:legacy_w1] alerts=20 TP=5 cov=0.65 F1=0.362 best=0.471@b1 nodeF1=0.203 (11.2s)
  [TeRed+RATE][A1:no_bfs] alerts=20 TP=3 cov=0.04 F1=0.061 best=0.061@b20 nodeF1=0.203 (0.1s)
  [TeRed+RATE][A1:no_rank] alerts=20 TP=5 cov=0.65 F1=0.362 best=0.471@b1 nodeF1=0.203 (11.3s)
  [TeRed+RATE][A1:bfs_q50] alerts=20 TP=5 cov=0.58 F1=0.349 best=0.514@b1 nodeF1=0.203 (11.4s)
  [TeRed+RATE][A1:bfs_q90] alerts=15 TP=0 cov=0.00 F1=0.000 best=0.000@b0 nodeF1=0.203 (10.4s)
  [TeRed+RATE][A1:w050] alerts=20 TP=5 cov=0.65 F1=0.362 best=0.471@b1 nodeF1=0.203 (11.3s)
  [TeRed+RATE][A1:w000] alerts=20 TP=5 cov=0.65 F1=0.362 best=0.471@b1 nodeF1=0.203 (11.3s)
  [TeRed+RATE][A3:sort_p95] alerts=20 TP=3 cov=0.46 F1=0.226 best=0.381@b2 nodeF1=0.203 (11.4s)
  [TeRed+RATE][A4:drop_log_deg] nodeF1=0.062 cov=0.54 best=0.541@b4 (11.3s)
  [TeRed+RATE][A4:drop_out_in_ratio] nodeF1=0.021 cov=0.54 best=0.518@b8 (11.0s)
  [TeRed+RATE][A4:drop_self_loop] nodeF1=0.256 cov=0.58 best=0.632@b3 (11.1s)
  [TeRed+RATE] 累计 180s

[abl] ===== bin.6@400000 (at400000): id 24507 / tered 22350 节点 =====
  [identity+rate][A1:base] alerts=20 TP=3 cov=0.50 F1=0.231 best=0.667@b2 nodeF1=0.004 (0.6s)
  [identity+rate][A1:legacy_agg] alerts=20 TP=3 cov=0.50 F1=0.231 best=0.667@b2 nodeF1=0.004 (0.5s)
  [identity+rate][A1:legacy_cmax] alerts=20 TP=3 cov=0.50 F1=0.231 best=0.667@b2 nodeF1=0.004 (0.5s)
  [identity+rate][A1:legacy_w1] alerts=20 TP=3 cov=0.50 F1=0.231 best=0.667@b2 nodeF1=0.004 (0.8s)
  [identity+rate][A1:no_bfs] alerts=20 TP=0 cov=0.00 F1=0.000 best=0.000@b0 nodeF1=0.004 (0.0s)
  [identity+rate][A1:no_rank] alerts=20 TP=3 cov=0.50 F1=0.231 best=0.667@b2 nodeF1=0.004 (0.5s)
  [identity+rate][A1:bfs_q50] alerts=20 TP=4 cov=0.83 F1=0.323 best=0.816@b5 nodeF1=0.004 (0.5s)
  [identity+rate][A1:bfs_q90] alerts=20 TP=2 cov=0.67 F1=0.174 best=0.667@b1 nodeF1=0.004 (0.5s)
  [identity+rate][A1:w050] alerts=20 TP=3 cov=0.50 F1=0.231 best=0.667@b2 nodeF1=0.004 (0.5s)
  [identity+rate][A1:w000] alerts=20 TP=3 cov=0.50 F1=0.231 best=0.667@b2 nodeF1=0.004 (0.5s)
  [identity+rate][A3:sort_p95] alerts=20 TP=3 cov=0.50 F1=0.231 best=0.667@b2 nodeF1=0.004 (0.5s)
  [identity+rate][A4:drop_log_deg] nodeF1=0.002 cov=0.50 best=0.500@b1 (0.6s)
  [identity+rate][A4:drop_out_in_ratio] nodeF1=0.055 cov=0.67 best=0.667@b1 (0.6s)
  [identity+rate][A4:drop_self_loop] nodeF1=0.004 cov=0.67 best=0.706@b4 (0.6s)
  [identity+rate] 累计 15s
  [TeRed+naive][A1:base] alerts=20 TP=2 cov=0.78 F1=0.177 best=0.875@b2 nodeF1=0.005 (0.5s)
  [TeRed+naive][A1:legacy_agg] alerts=20 TP=2 cov=0.78 F1=0.177 best=0.875@b2 nodeF1=0.005 (0.5s)
  [TeRed+naive][A1:legacy_cmax] alerts=20 TP=2 cov=0.78 F1=0.177 best=0.875@b2 nodeF1=0.005 (0.5s)
  [TeRed+naive][A1:legacy_w1] alerts=20 TP=2 cov=0.78 F1=0.177 best=0.875@b2 nodeF1=0.005 (0.5s)
  [TeRed+naive][A1:no_bfs] alerts=20 TP=0 cov=0.00 F1=0.000 best=0.000@b0 nodeF1=0.005 (0.0s)
  [TeRed+naive][A1:no_rank] alerts=20 TP=2 cov=0.78 F1=0.177 best=0.875@b2 nodeF1=0.005 (0.5s)
  [TeRed+naive][A1:bfs_q50] alerts=20 TP=2 cov=0.89 F1=0.180 best=0.941@b2 nodeF1=0.005 (0.4s)
  [TeRed+naive][A1:bfs_q90] alerts=6 TP=1 cov=0.22 F1=0.191 best=0.308@b2 nodeF1=0.005 (0.4s)
  [TeRed+naive][A1:w050] alerts=20 TP=2 cov=0.78 F1=0.177 best=0.875@b2 nodeF1=0.005 (0.5s)
  [TeRed+naive][A1:w000] alerts=20 TP=2 cov=0.78 F1=0.177 best=0.875@b2 nodeF1=0.005 (0.5s)
  [TeRed+naive][A3:sort_p95] alerts=20 TP=2 cov=0.78 F1=0.177 best=0.295@b11 nodeF1=0.005 (0.5s)
  [TeRed+naive][A4:drop_log_deg] nodeF1=0.004 cov=0.78 best=0.875@b2 (0.5s)
  [TeRed+naive][A4:drop_out_in_ratio] nodeF1=0.125 cov=0.78 best=0.800@b1 (0.5s)
  [TeRed+naive][A4:drop_self_loop] nodeF1=0.005 cov=0.78 best=0.875@b2 (0.5s)
  [TeRed+naive] 累计 12s
  [TeRed+RATE][A1:base] alerts=20 TP=2 cov=0.78 F1=0.177 best=0.875@b2 nodeF1=0.005 (0.5s)
  [TeRed+RATE][A1:legacy_agg] alerts=20 TP=2 cov=0.78 F1=0.177 best=0.875@b2 nodeF1=0.005 (0.4s)
  [TeRed+RATE][A1:legacy_cmax] alerts=20 TP=2 cov=0.78 F1=0.177 best=0.875@b2 nodeF1=0.005 (0.4s)
  [TeRed+RATE][A1:legacy_w1] alerts=20 TP=2 cov=0.78 F1=0.177 best=0.875@b2 nodeF1=0.005 (0.4s)
  [TeRed+RATE][A1:no_bfs] alerts=20 TP=0 cov=0.00 F1=0.000 best=0.000@b0 nodeF1=0.005 (0.0s)
  [TeRed+RATE][A1:no_rank] alerts=20 TP=2 cov=0.78 F1=0.177 best=0.875@b2 nodeF1=0.005 (0.4s)
  [TeRed+RATE][A1:bfs_q50] alerts=20 TP=2 cov=0.89 F1=0.180 best=0.941@b2 nodeF1=0.005 (0.4s)
  [TeRed+RATE][A1:bfs_q90] alerts=6 TP=1 cov=0.44 F1=0.242 best=0.471@b2 nodeF1=0.005 (0.4s)
  [TeRed+RATE][A1:w050] alerts=20 TP=2 cov=0.78 F1=0.177 best=0.875@b2 nodeF1=0.005 (0.4s)
  [TeRed+RATE][A1:w000] alerts=20 TP=2 cov=0.78 F1=0.177 best=0.875@b2 nodeF1=0.005 (0.4s)
  [TeRed+RATE][A3:sort_p95] alerts=20 TP=2 cov=0.78 F1=0.177 best=0.346@b9 nodeF1=0.005 (0.4s)
  [TeRed+RATE][A4:drop_log_deg] nodeF1=0.005 cov=0.78 best=0.875@b2 (0.5s)
  [TeRed+RATE][A4:drop_out_in_ratio] nodeF1=0.154 cov=0.78 best=0.800@b1 (0.5s)
  [TeRed+RATE][A4:drop_self_loop] nodeF1=0.005 cov=0.78 best=0.875@b2 (0.5s)
  [TeRed+RATE] 累计 11s

[abl] ===== bin.7@400000 (at400000): id 17797 / tered 16295 节点 =====
  [identity+rate][A1:base] alerts=18 TP=3 cov=0.75 F1=0.273 best=0.667@b5 nodeF1=0.006 (0.6s)
  [identity+rate][A1:legacy_agg] alerts=18 TP=3 cov=0.75 F1=0.273 best=0.462@b9 nodeF1=0.006 (0.5s)
  [identity+rate][A1:legacy_cmax] alerts=18 TP=3 cov=0.75 F1=0.273 best=0.667@b5 nodeF1=0.006 (0.5s)
  [identity+rate][A1:legacy_w1] alerts=18 TP=3 cov=0.75 F1=0.273 best=0.667@b5 nodeF1=0.006 (0.5s)
  [identity+rate][A1:no_bfs] alerts=20 TP=0 cov=0.00 F1=0.000 best=0.000@b0 nodeF1=0.006 (0.0s)
  [identity+rate][A1:no_rank] alerts=18 TP=3 cov=0.75 F1=0.273 best=0.667@b5 nodeF1=0.006 (0.5s)
  [identity+rate][A1:bfs_q50] alerts=20 TP=4 cov=0.62 F1=0.303 best=0.769@b4 nodeF1=0.006 (0.8s)
  [identity+rate][A1:bfs_q90] alerts=13 TP=1 cov=0.12 F1=0.095 best=0.222@b1 nodeF1=0.006 (0.5s)
  [identity+rate][A1:w050] alerts=18 TP=3 cov=0.75 F1=0.273 best=0.667@b5 nodeF1=0.006 (0.5s)
  [identity+rate][A1:w000] alerts=18 TP=3 cov=0.75 F1=0.273 best=0.667@b5 nodeF1=0.006 (0.5s)
  [identity+rate][A3:sort_p95] alerts=18 TP=3 cov=0.75 F1=0.273 best=0.400@b6 nodeF1=0.006 (0.5s)
  [identity+rate][A4:drop_log_deg] nodeF1=0.002 cov=0.50 best=0.545@b2 (0.6s)
  [identity+rate][A4:drop_out_in_ratio] nodeF1=0.056 cov=0.75 best=0.645@b3 (0.6s)
  [identity+rate][A4:drop_self_loop] nodeF1=0.006 cov=0.75 best=0.545@b2 (0.6s)
  [identity+rate] 累计 14s
  [TeRed+naive][A1:base] alerts=20 TP=3 cov=0.73 F1=0.249 best=0.842@b3 nodeF1=0.154 (0.5s)
  [TeRed+naive][A1:legacy_agg] alerts=20 TP=3 cov=0.73 F1=0.249 best=0.739@b4 nodeF1=0.154 (0.5s)
  [TeRed+naive][A1:legacy_cmax] alerts=20 TP=3 cov=0.73 F1=0.249 best=0.842@b3 nodeF1=0.154 (0.5s)
  [TeRed+naive][A1:legacy_w1] alerts=20 TP=3 cov=0.73 F1=0.249 best=0.842@b3 nodeF1=0.154 (0.5s)
  [TeRed+naive][A1:no_bfs] alerts=20 TP=1 cov=0.09 F1=0.065 best=0.154@b2 nodeF1=0.154 (0.0s)
  [TeRed+naive][A1:no_rank] alerts=20 TP=3 cov=0.73 F1=0.249 best=0.842@b3 nodeF1=0.154 (0.5s)
  [TeRed+naive][A1:bfs_q50] alerts=20 TP=2 cov=0.73 F1=0.176 best=0.842@b2 nodeF1=0.154 (0.5s)
  [TeRed+naive][A1:bfs_q90] alerts=13 TP=2 cov=0.55 F1=0.240 best=0.706@b2 nodeF1=0.154 (0.5s)
  [TeRed+naive][A1:w050] alerts=20 TP=3 cov=0.73 F1=0.249 best=0.842@b3 nodeF1=0.154 (0.5s)
  [TeRed+naive][A1:w000] alerts=20 TP=3 cov=0.73 F1=0.249 best=0.842@b3 nodeF1=0.154 (0.5s)
  [TeRed+naive][A3:sort_p95] alerts=20 TP=0 cov=0.00 F1=0.000 best=0.000@b0 nodeF1=0.154 (0.5s)
  [TeRed+naive][A4:drop_log_deg] nodeF1=0.111 cov=0.64 best=0.778@b3 (0.5s)
  [TeRed+naive][A4:drop_out_in_ratio] nodeF1=0.218 cov=0.64 best=0.778@b2 (0.6s)
  [TeRed+naive][A4:drop_self_loop] nodeF1=0.154 cov=0.73 best=0.842@b3 (0.6s)
  [TeRed+naive] 累计 12s
  [TeRed+RATE][A1:base] alerts=20 TP=3 cov=0.73 F1=0.249 best=0.778@b2 nodeF1=0.154 (0.5s)
  [TeRed+RATE][A1:legacy_agg] alerts=20 TP=3 cov=0.73 F1=0.249 best=0.593@b6 nodeF1=0.154 (0.5s)
  [TeRed+RATE][A1:legacy_cmax] alerts=20 TP=3 cov=0.73 F1=0.249 best=0.778@b2 nodeF1=0.154 (0.5s)
  [TeRed+RATE][A1:legacy_w1] alerts=20 TP=3 cov=0.73 F1=0.249 best=0.778@b2 nodeF1=0.154 (0.5s)
  [TeRed+RATE][A1:no_bfs] alerts=20 TP=1 cov=0.09 F1=0.065 best=0.154@b2 nodeF1=0.154 (0.0s)
  [TeRed+RATE][A1:no_rank] alerts=20 TP=3 cov=0.73 F1=0.249 best=0.778@b2 nodeF1=0.154 (0.5s)
  [TeRed+RATE][A1:bfs_q50] alerts=20 TP=2 cov=0.73 F1=0.176 best=0.842@b2 nodeF1=0.154 (0.5s)
  [TeRed+RATE][A1:bfs_q90] alerts=10 TP=2 cov=0.55 F1=0.293 best=0.706@b2 nodeF1=0.154 (0.5s)
  [TeRed+RATE][A1:w050] alerts=20 TP=3 cov=0.73 F1=0.249 best=0.778@b2 nodeF1=0.154 (0.5s)
  [TeRed+RATE][A1:w000] alerts=20 TP=3 cov=0.73 F1=0.249 best=0.778@b2 nodeF1=0.154 (0.5s)
  [TeRed+RATE][A3:sort_p95] alerts=20 TP=0 cov=0.00 F1=0.000 best=0.000@b0 nodeF1=0.154 (0.5s)
  [TeRed+RATE][A4:drop_log_deg] nodeF1=0.111 cov=0.64 best=0.778@b3 (0.6s)
  [TeRed+RATE][A4:drop_out_in_ratio] nodeF1=0.250 cov=0.73 best=0.778@b2 (0.6s)
  [TeRed+RATE][A4:drop_self_loop] nodeF1=0.154 cov=0.73 best=0.778@b2 (0.6s)
  [TeRed+RATE] 累计 12s

[abl] 完成 (2695s), 结果追加至 results/e6d_ablation_v2.csv
