
===== epoch_0 | N=2725340 | 正例=62 =====
  [official        ] thr=5.9133 k=54 tp=0 fp=54 fn=62 P=0.0000 R=0.0000 F1=0.0000 att=[]
  [best_f1         ] thr=5.6321 k=347 tp=5 fp=342 fn=57 P=0.0144 R=0.0806 F1=0.0244 att=[0, 1]
  [best_mcc        ] thr=5.6321 k=347 tp=5 fp=342 fn=57 P=0.0144 R=0.0806 F1=0.0244 att=[0, 1]
  [tpr@fpr=1e-05   ] thr=5.9284 k=27 tp=0 fp=27 fn=62 P=0.0000 R=0.0000 F1=0.0000 att=[]
  [tpr@fpr=0.0001  ] thr=5.7350 k=273 tp=1 fp=272 fn=61 P=0.0037 R=0.0161 F1=0.0060 att=[1]
  [tpr@fpr=0.001   ] thr=5.2728 k=2731 tp=6 fp=2725 fn=56 P=0.0022 R=0.0968 F1=0.0043 att=[0, 1]
  [tpr@fpr=0.01    ] thr=3.6111 k=27265 tp=13 fp=27252 fn=49 P=0.0005 R=0.2097 F1=0.0009 att=[0, 1]
  [top-62     ] tp=0 P=0.0000 R=0.0000
  [top-100    ] tp=0 P=0.0000 R=0.0000
  [top-200    ] tp=1 P=0.0050 R=0.0161
  [top-500    ] tp=5 P=0.0100 R=0.0806
  [top-1000   ] tp=5 P=0.0050 R=0.0806
  [top-5000   ] tp=8 P=0.0016 R=0.1290
  [top-10000  ] tp=11 P=0.0011 R=0.1774
  [top-50000  ] tp=51 P=0.0010 R=0.8226
  [top-100000 ] tp=59 P=0.0006 R=0.9516

===== epoch_1 | N=2725340 | 正例=62 =====
  [official        ] thr=6.5121 k=77 tp=2 fp=75 fn=60 P=0.0260 R=0.0323 F1=0.0288 att=[1]
  [best_f1         ] thr=6.5203 k=50 tp=2 fp=48 fn=60 P=0.0400 R=0.0323 F1=0.0357 att=[1]
  [best_mcc        ] thr=6.5203 k=50 tp=2 fp=48 fn=60 P=0.0400 R=0.0323 F1=0.0357 att=[1]
  [tpr@fpr=1e-05   ] thr=6.9427 k=27 tp=0 fp=27 fn=62 P=0.0000 R=0.0000 F1=0.0000 att=[]
  [tpr@fpr=0.0001  ] thr=6.4450 k=274 tp=2 fp=272 fn=60 P=0.0073 R=0.0323 F1=0.0119 att=[1]
  [tpr@fpr=0.001   ] thr=4.7468 k=2730 tp=5 fp=2725 fn=57 P=0.0018 R=0.0806 F1=0.0036 att=[0, 1]
  [tpr@fpr=0.01    ] thr=3.6877 k=27265 tp=13 fp=27252 fn=49 P=0.0005 R=0.2097 F1=0.0009 att=[0, 1]
  [top-62     ] tp=2 P=0.0323 R=0.0323
  [top-100    ] tp=2 P=0.0200 R=0.0323
  [top-200    ] tp=2 P=0.0100 R=0.0323
  [top-500    ] tp=5 P=0.0100 R=0.0806
  [top-1000   ] tp=5 P=0.0050 R=0.0806
  [top-5000   ] tp=6 P=0.0012 R=0.0968
  [top-10000  ] tp=9 P=0.0009 R=0.1452
  [top-50000  ] tp=51 P=0.0010 R=0.8226
  [top-100000 ] tp=59 P=0.0006 R=0.9516

===== epoch_3 | N=2725340 | 正例=62 =====
  [official        ] thr=7.4039 k=45 tp=0 fp=45 fn=62 P=0.0000 R=0.0000 F1=0.0000 att=[]
  [best_f1         ] thr=7.0146 k=547 tp=2 fp=545 fn=60 P=0.0037 R=0.0323 F1=0.0066 att=[0]
  [best_mcc        ] thr=4.0169 k=25417 tp=47 fp=25370 fn=15 P=0.0019 R=0.7581 F1=0.0037 att=[0, 1]
  [tpr@fpr=1e-05   ] thr=8.0747 k=27 tp=0 fp=27 fn=62 P=0.0000 R=0.0000 F1=0.0000 att=[]
  [tpr@fpr=0.0001  ] thr=7.0984 k=272 tp=0 fp=272 fn=62 P=0.0000 R=0.0000 F1=0.0000 att=[]
  [tpr@fpr=0.001   ] thr=6.2568 k=2731 tp=6 fp=2725 fn=56 P=0.0022 R=0.0968 F1=0.0043 att=[0, 1]
  [tpr@fpr=0.01    ] thr=3.9439 k=27299 tp=47 fp=27252 fn=15 P=0.0017 R=0.7581 F1=0.0034 att=[0, 1]
  [top-62     ] tp=0 P=0.0000 R=0.0000
  [top-100    ] tp=0 P=0.0000 R=0.0000
  [top-200    ] tp=0 P=0.0000 R=0.0000
  [top-500    ] tp=1 P=0.0020 R=0.0161
  [top-1000   ] tp=2 P=0.0020 R=0.0323
  [top-5000   ] tp=6 P=0.0012 R=0.0968
  [top-10000  ] tp=10 P=0.0010 R=0.1613
  [top-50000  ] tp=50 P=0.0010 R=0.8065
  [top-100000 ] tp=59 P=0.0006 R=0.9516

===== epoch_5 | N=2725340 | 正例=62 =====
  [official        ] thr=7.7700 k=61 tp=0 fp=61 fn=62 P=0.0000 R=0.0000 F1=0.0000 att=[]
  [best_f1         ] thr=6.6488 k=2676 tp=6 fp=2670 fn=56 P=0.0022 R=0.0968 F1=0.0044 att=[0, 1]
  [best_mcc        ] thr=4.0517 k=25067 tp=47 fp=25020 fn=15 P=0.0019 R=0.7581 F1=0.0037 att=[0, 1]
  [tpr@fpr=1e-05   ] thr=8.2791 k=27 tp=0 fp=27 fn=62 P=0.0000 R=0.0000 F1=0.0000 att=[]
  [tpr@fpr=0.0001  ] thr=7.5946 k=272 tp=0 fp=272 fn=62 P=0.0000 R=0.0000 F1=0.0000 att=[]
  [tpr@fpr=0.001   ] thr=6.5665 k=2731 tp=6 fp=2725 fn=56 P=0.0022 R=0.0968 F1=0.0043 att=[0, 1]
  [tpr@fpr=0.01    ] thr=3.9519 k=27299 tp=47 fp=27252 fn=15 P=0.0017 R=0.7581 F1=0.0034 att=[0, 1]
  [top-62     ] tp=0 P=0.0000 R=0.0000
  [top-100    ] tp=0 P=0.0000 R=0.0000
  [top-200    ] tp=0 P=0.0000 R=0.0000
  [top-500    ] tp=0 P=0.0000 R=0.0000
  [top-1000   ] tp=0 P=0.0000 R=0.0000
  [top-5000   ] tp=6 P=0.0012 R=0.0968
  [top-10000  ] tp=10 P=0.0010 R=0.1613
  [top-50000  ] tp=50 P=0.0010 R=0.8065
  [top-100000 ] tp=55 P=0.0006 R=0.8871

===== epoch_7 | N=2725340 | 正例=62 =====
  [official        ] thr=8.0003 k=28 tp=0 fp=28 fn=62 P=0.0000 R=0.0000 F1=0.0000 att=[]
  [best_f1         ] thr=6.8267 k=2654 tp=6 fp=2648 fn=56 P=0.0023 R=0.0968 F1=0.0044 att=[0, 1]
  [best_mcc        ] thr=4.0616 k=26368 tp=47 fp=26321 fn=15 P=0.0018 R=0.7581 F1=0.0036 att=[0, 1]
  [tpr@fpr=1e-05   ] thr=8.0003 k=27 tp=0 fp=27 fn=62 P=0.0000 R=0.0000 F1=0.0000 att=[]
  [tpr@fpr=0.0001  ] thr=7.8031 k=272 tp=0 fp=272 fn=62 P=0.0000 R=0.0000 F1=0.0000 att=[]
  [tpr@fpr=0.001   ] thr=6.6832 k=2731 tp=6 fp=2725 fn=56 P=0.0022 R=0.0968 F1=0.0043 att=[0, 1]
  [tpr@fpr=0.01    ] thr=4.0413 k=27299 tp=47 fp=27252 fn=15 P=0.0017 R=0.7581 F1=0.0034 att=[0, 1]
  [top-62     ] tp=0 P=0.0000 R=0.0000
  [top-100    ] tp=0 P=0.0000 R=0.0000
  [top-200    ] tp=0 P=0.0000 R=0.0000
  [top-500    ] tp=0 P=0.0000 R=0.0000
  [top-1000   ] tp=0 P=0.0000 R=0.0000
  [top-5000   ] tp=7 P=0.0014 R=0.1129
  [top-10000  ] tp=10 P=0.0010 R=0.1613
  [top-50000  ] tp=47 P=0.0009 R=0.7581
  [top-100000 ] tp=55 P=0.0006 R=0.8871

===== epoch_9 | N=2725340 | 正例=62 =====
  [official        ] thr=8.0041 k=54 tp=0 fp=54 fn=62 P=0.0000 R=0.0000 F1=0.0000 att=[]
  [best_f1         ] thr=6.8050 k=2683 tp=6 fp=2677 fn=56 P=0.0022 R=0.0968 F1=0.0044 att=[0, 1]
  [best_mcc        ] thr=4.0512 k=30322 tp=47 fp=30275 fn=15 P=0.0015 R=0.7581 F1=0.0031 att=[0, 1]
  [tpr@fpr=1e-05   ] thr=8.0443 k=27 tp=0 fp=27 fn=62 P=0.0000 R=0.0000 F1=0.0000 att=[]
  [tpr@fpr=0.0001  ] thr=7.8403 k=272 tp=0 fp=272 fn=62 P=0.0000 R=0.0000 F1=0.0000 att=[]
  [tpr@fpr=0.001   ] thr=6.7147 k=2731 tp=6 fp=2725 fn=56 P=0.0022 R=0.0968 F1=0.0043 att=[0, 1]
  [tpr@fpr=0.01    ] thr=4.0964 k=27264 tp=12 fp=27252 fn=50 P=0.0004 R=0.1935 F1=0.0009 att=[0, 1]
  [top-62     ] tp=0 P=0.0000 R=0.0000
  [top-100    ] tp=0 P=0.0000 R=0.0000
  [top-200    ] tp=0 P=0.0000 R=0.0000
  [top-500    ] tp=0 P=0.0000 R=0.0000
  [top-1000   ] tp=0 P=0.0000 R=0.0000
  [top-5000   ] tp=7 P=0.0014 R=0.1129
  [top-10000  ] tp=10 P=0.0010 R=0.1613
  [top-50000  ] tp=47 P=0.0009 R=0.7581
  [top-100000 ] tp=55 P=0.0006 R=0.8871

===== epoch_11 | N=2725340 | 正例=62 =====
  [official        ] thr=8.0444 k=74 tp=0 fp=74 fn=62 P=0.0000 R=0.0000 F1=0.0000 att=[]
  [best_f1         ] thr=6.7811 k=2718 tp=6 fp=2712 fn=56 P=0.0022 R=0.0968 F1=0.0043 att=[0, 1]
  [best_mcc        ] thr=4.0530 k=34737 tp=47 fp=34690 fn=15 P=0.0014 R=0.7581 F1=0.0027 att=[0, 1]
  [tpr@fpr=1e-05   ] thr=8.0860 k=27 tp=0 fp=27 fn=62 P=0.0000 R=0.0000 F1=0.0000 att=[]
  [tpr@fpr=0.0001  ] thr=7.9075 k=272 tp=0 fp=272 fn=62 P=0.0000 R=0.0000 F1=0.0000 att=[]
  [tpr@fpr=0.001   ] thr=6.7505 k=2731 tp=6 fp=2725 fn=56 P=0.0022 R=0.0968 F1=0.0043 att=[0, 1]
  [tpr@fpr=0.01    ] thr=4.1859 k=27264 tp=12 fp=27252 fn=50 P=0.0004 R=0.1935 F1=0.0009 att=[0, 1]
  [top-62     ] tp=0 P=0.0000 R=0.0000
  [top-100    ] tp=0 P=0.0000 R=0.0000
  [top-200    ] tp=0 P=0.0000 R=0.0000
  [top-500    ] tp=0 P=0.0000 R=0.0000
  [top-1000   ] tp=1 P=0.0010 R=0.0161
  [top-5000   ] tp=7 P=0.0014 R=0.1129
  [top-10000  ] tp=11 P=0.0011 R=0.1774
  [top-50000  ] tp=47 P=0.0009 R=0.7581
  [top-100000 ] tp=55 P=0.0006 R=0.8871

[saved] /home/user/thr_scan/threshold_scan.json
[saved] /home/user/thr_scan/pr_curve.png
