
===== epoch_0 | N=2725941 | 正例=62 =====
  [official        ] thr=6.0422 k=30880 tp=6 fp=30874 fn=56 P=0.0002 R=0.0968 F1=0.0004 att=[0, 1]
  [best_f1         ] thr=21.7737 k=25609 tp=6 fp=25603 fn=56 P=0.0002 R=0.0968 F1=0.0005 att=[0, 1]
  [best_mcc        ] thr=21.7737 k=25609 tp=6 fp=25603 fn=56 P=0.0002 R=0.0968 F1=0.0005 att=[0, 1]
  [tpr@fpr=1e-05   ] thr=145.7764 k=27 tp=0 fp=27 fn=62 P=0.0000 R=0.0000 F1=0.0000 att=[]
  [tpr@fpr=0.0001  ] thr=101.8326 k=272 tp=0 fp=272 fn=62 P=0.0000 R=0.0000 F1=0.0000 att=[]
  [tpr@fpr=0.001   ] thr=66.5822 k=2725 tp=0 fp=2725 fn=62 P=0.0000 R=0.0000 F1=0.0000 att=[]
  [tpr@fpr=0.01    ] thr=16.5866 k=27264 tp=6 fp=27258 fn=56 P=0.0002 R=0.0968 F1=0.0004 att=[0, 1]
  [top-62     ] tp=0 P=0.0000 R=0.0000
  [top-100    ] tp=0 P=0.0000 R=0.0000
  [top-200    ] tp=0 P=0.0000 R=0.0000
  [top-500    ] tp=0 P=0.0000 R=0.0000
  [top-1000   ] tp=0 P=0.0000 R=0.0000
  [top-5000   ] tp=1 P=0.0002 R=0.0161
  [top-10000  ] tp=1 P=0.0001 R=0.0161
  [top-50000  ] tp=6 P=0.0001 R=0.0968
  [top-100000 ] tp=7 P=0.0001 R=0.1129

===== epoch_1 | N=2725941 | 正例=62 =====
  [official        ] thr=7.8451 k=30878 tp=6 fp=30872 fn=56 P=0.0002 R=0.0968 F1=0.0004 att=[0, 1]
  [best_f1         ] thr=20.6547 k=25609 tp=6 fp=25603 fn=56 P=0.0002 R=0.0968 F1=0.0005 att=[0, 1]
  [best_mcc        ] thr=20.6547 k=25609 tp=6 fp=25603 fn=56 P=0.0002 R=0.0968 F1=0.0005 att=[0, 1]
  [tpr@fpr=1e-05   ] thr=138.2844 k=27 tp=0 fp=27 fn=62 P=0.0000 R=0.0000 F1=0.0000 att=[]
  [tpr@fpr=0.0001  ] thr=96.5990 k=272 tp=0 fp=272 fn=62 P=0.0000 R=0.0000 F1=0.0000 att=[]
  [tpr@fpr=0.001   ] thr=63.1603 k=2725 tp=0 fp=2725 fn=62 P=0.0000 R=0.0000 F1=0.0000 att=[]
  [tpr@fpr=0.01    ] thr=15.7342 k=27264 tp=6 fp=27258 fn=56 P=0.0002 R=0.0968 F1=0.0004 att=[0, 1]
  [top-62     ] tp=0 P=0.0000 R=0.0000
  [top-100    ] tp=0 P=0.0000 R=0.0000
  [top-200    ] tp=0 P=0.0000 R=0.0000
  [top-500    ] tp=0 P=0.0000 R=0.0000
  [top-1000   ] tp=0 P=0.0000 R=0.0000
  [top-5000   ] tp=1 P=0.0002 R=0.0161
  [top-10000  ] tp=1 P=0.0001 R=0.0161
  [top-50000  ] tp=6 P=0.0001 R=0.0968
  [top-100000 ] tp=7 P=0.0001 R=0.1129

===== epoch_3 | N=2725941 | 正例=62 =====
  [official        ] thr=9.2572 k=27923 tp=6 fp=27917 fn=56 P=0.0002 R=0.0968 F1=0.0004 att=[0, 1]
  [best_f1         ] thr=22.0762 k=25607 tp=6 fp=25601 fn=56 P=0.0002 R=0.0968 F1=0.0005 att=[0, 1]
  [best_mcc        ] thr=22.0762 k=25607 tp=6 fp=25601 fn=56 P=0.0002 R=0.0968 F1=0.0005 att=[0, 1]
  [tpr@fpr=1e-05   ] thr=147.8012 k=27 tp=0 fp=27 fn=62 P=0.0000 R=0.0000 F1=0.0000 att=[]
  [tpr@fpr=0.0001  ] thr=103.2470 k=272 tp=0 fp=272 fn=62 P=0.0000 R=0.0000 F1=0.0000 att=[]
  [tpr@fpr=0.001   ] thr=67.5070 k=2725 tp=0 fp=2725 fn=62 P=0.0000 R=0.0000 F1=0.0000 att=[]
  [tpr@fpr=0.01    ] thr=16.8170 k=27264 tp=6 fp=27258 fn=56 P=0.0002 R=0.0968 F1=0.0004 att=[0, 1]
  [top-62     ] tp=0 P=0.0000 R=0.0000
  [top-100    ] tp=0 P=0.0000 R=0.0000
  [top-200    ] tp=0 P=0.0000 R=0.0000
  [top-500    ] tp=0 P=0.0000 R=0.0000
  [top-1000   ] tp=0 P=0.0000 R=0.0000
  [top-5000   ] tp=1 P=0.0002 R=0.0161
  [top-10000  ] tp=1 P=0.0001 R=0.0161
  [top-50000  ] tp=6 P=0.0001 R=0.0968
  [top-100000 ] tp=7 P=0.0001 R=0.1129

===== epoch_5 | N=2725941 | 正例=62 =====
  [official        ] thr=9.2416 k=27923 tp=6 fp=27917 fn=56 P=0.0002 R=0.0968 F1=0.0004 att=[0, 1]
  [best_f1         ] thr=22.0389 k=25609 tp=6 fp=25603 fn=56 P=0.0002 R=0.0968 F1=0.0005 att=[0, 1]
  [best_mcc        ] thr=22.0389 k=25609 tp=6 fp=25603 fn=56 P=0.0002 R=0.0968 F1=0.0005 att=[0, 1]
  [tpr@fpr=1e-05   ] thr=147.5516 k=27 tp=0 fp=27 fn=62 P=0.0000 R=0.0000 F1=0.0000 att=[]
  [tpr@fpr=0.0001  ] thr=103.0726 k=272 tp=0 fp=272 fn=62 P=0.0000 R=0.0000 F1=0.0000 att=[]
  [tpr@fpr=0.001   ] thr=67.3930 k=2725 tp=0 fp=2725 fn=62 P=0.0000 R=0.0000 F1=0.0000 att=[]
  [tpr@fpr=0.01    ] thr=16.7886 k=27264 tp=6 fp=27258 fn=56 P=0.0002 R=0.0968 F1=0.0004 att=[0, 1]
  [top-62     ] tp=0 P=0.0000 R=0.0000
  [top-100    ] tp=0 P=0.0000 R=0.0000
  [top-200    ] tp=0 P=0.0000 R=0.0000
  [top-500    ] tp=0 P=0.0000 R=0.0000
  [top-1000   ] tp=0 P=0.0000 R=0.0000
  [top-5000   ] tp=1 P=0.0002 R=0.0161
  [top-10000  ] tp=1 P=0.0001 R=0.0161
  [top-50000  ] tp=6 P=0.0001 R=0.0968
  [top-100000 ] tp=7 P=0.0001 R=0.1129

===== epoch_7 | N=2725941 | 正例=62 =====
  [official        ] thr=9.2306 k=27923 tp=6 fp=27917 fn=56 P=0.0002 R=0.0968 F1=0.0004 att=[0, 1]
  [best_f1         ] thr=22.0127 k=25609 tp=6 fp=25603 fn=56 P=0.0002 R=0.0968 F1=0.0005 att=[0, 1]
  [best_mcc        ] thr=22.0127 k=25609 tp=6 fp=25603 fn=56 P=0.0002 R=0.0968 F1=0.0005 att=[0, 1]
  [tpr@fpr=1e-05   ] thr=147.3764 k=27 tp=0 fp=27 fn=62 P=0.0000 R=0.0000 F1=0.0000 att=[]
  [tpr@fpr=0.0001  ] thr=102.9503 k=272 tp=0 fp=272 fn=62 P=0.0000 R=0.0000 F1=0.0000 att=[]
  [tpr@fpr=0.001   ] thr=67.3130 k=2725 tp=0 fp=2725 fn=62 P=0.0000 R=0.0000 F1=0.0000 att=[]
  [tpr@fpr=0.01    ] thr=16.7687 k=27264 tp=6 fp=27258 fn=56 P=0.0002 R=0.0968 F1=0.0004 att=[0, 1]
  [top-62     ] tp=0 P=0.0000 R=0.0000
  [top-100    ] tp=0 P=0.0000 R=0.0000
  [top-200    ] tp=0 P=0.0000 R=0.0000
  [top-500    ] tp=0 P=0.0000 R=0.0000
  [top-1000   ] tp=0 P=0.0000 R=0.0000
  [top-5000   ] tp=1 P=0.0002 R=0.0161
  [top-10000  ] tp=1 P=0.0001 R=0.0161
  [top-50000  ] tp=6 P=0.0001 R=0.0968
  [top-100000 ] tp=7 P=0.0001 R=0.1129

===== epoch_9 | N=2725941 | 正例=62 =====
  [official        ] thr=9.2190 k=27923 tp=6 fp=27917 fn=56 P=0.0002 R=0.0968 F1=0.0004 att=[0, 1]
  [best_f1         ] thr=21.9849 k=25609 tp=6 fp=25603 fn=56 P=0.0002 R=0.0968 F1=0.0005 att=[0, 1]
  [best_mcc        ] thr=21.9849 k=25609 tp=6 fp=25603 fn=56 P=0.0002 R=0.0968 F1=0.0005 att=[0, 1]
  [tpr@fpr=1e-05   ] thr=147.1900 k=27 tp=0 fp=27 fn=62 P=0.0000 R=0.0000 F1=0.0000 att=[]
  [tpr@fpr=0.0001  ] thr=102.8201 k=272 tp=0 fp=272 fn=62 P=0.0000 R=0.0000 F1=0.0000 att=[]
  [tpr@fpr=0.001   ] thr=67.2279 k=2725 tp=0 fp=2725 fn=62 P=0.0000 R=0.0000 F1=0.0000 att=[]
  [tpr@fpr=0.01    ] thr=16.7475 k=27264 tp=6 fp=27258 fn=56 P=0.0002 R=0.0968 F1=0.0004 att=[0, 1]
  [top-62     ] tp=0 P=0.0000 R=0.0000
  [top-100    ] tp=0 P=0.0000 R=0.0000
  [top-200    ] tp=0 P=0.0000 R=0.0000
  [top-500    ] tp=0 P=0.0000 R=0.0000
  [top-1000   ] tp=0 P=0.0000 R=0.0000
  [top-5000   ] tp=1 P=0.0002 R=0.0161
  [top-10000  ] tp=1 P=0.0001 R=0.0161
  [top-50000  ] tp=6 P=0.0001 R=0.0968
  [top-100000 ] tp=7 P=0.0001 R=0.1129

===== epoch_11 | N=2725941 | 正例=62 =====
  [official        ] thr=9.2921 k=27923 tp=6 fp=27917 fn=56 P=0.0002 R=0.0968 F1=0.0004 att=[0, 1]
  [best_f1         ] thr=22.1592 k=25609 tp=6 fp=25603 fn=56 P=0.0002 R=0.0968 F1=0.0005 att=[0, 1]
  [best_mcc        ] thr=22.1592 k=25609 tp=6 fp=25603 fn=56 P=0.0002 R=0.0968 F1=0.0005 att=[0, 1]
  [tpr@fpr=1e-05   ] thr=148.3572 k=27 tp=0 fp=27 fn=62 P=0.0000 R=0.0000 F1=0.0000 att=[]
  [tpr@fpr=0.0001  ] thr=103.6354 k=272 tp=0 fp=272 fn=62 P=0.0000 R=0.0000 F1=0.0000 att=[]
  [tpr@fpr=0.001   ] thr=67.7610 k=2725 tp=0 fp=2725 fn=62 P=0.0000 R=0.0000 F1=0.0000 att=[]
  [tpr@fpr=0.01    ] thr=16.8803 k=27264 tp=6 fp=27258 fn=56 P=0.0002 R=0.0968 F1=0.0004 att=[0, 1]
  [top-62     ] tp=0 P=0.0000 R=0.0000
  [top-100    ] tp=0 P=0.0000 R=0.0000
  [top-200    ] tp=0 P=0.0000 R=0.0000
  [top-500    ] tp=0 P=0.0000 R=0.0000
  [top-1000   ] tp=0 P=0.0000 R=0.0000
  [top-5000   ] tp=1 P=0.0002 R=0.0161
  [top-10000  ] tp=1 P=0.0001 R=0.0161
  [top-50000  ] tp=6 P=0.0001 R=0.0968
  [top-100000 ] tp=7 P=0.0001 R=0.1129

[saved] /home/user/thr_flash_loss/threshold_scan.json
[saved] /home/user/thr_flash_loss/pr_curve.png
[saved] /home/user/thr_flash_loss/recall_at_topk.png
