
===== epoch_0 | N=2725941 | 正例=62 =====
  [official        ] thr=5.9136 k=1589705 tp=13 fp=1589692 fn=49 P=0.0000 R=0.2097 F1=0.0000 att=[0, 1]
  [best_f1         ] thr=1.1945 k=2721622 tp=62 fp=2721560 fn=0 P=0.0000 R=1.0000 F1=0.0001 att=[0, 1]
  [best_mcc        ] thr=1.1945 k=2721622 tp=62 fp=2721560 fn=0 P=0.0000 R=1.0000 F1=0.0001 att=[0, 1]
  [tpr@fpr=1e-05   ] thr=9.1727 k=27 tp=0 fp=27 fn=62 P=0.0000 R=0.0000 F1=0.0000 att=[]
  [tpr@fpr=0.0001  ] thr=9.1727 k=272 tp=0 fp=272 fn=62 P=0.0000 R=0.0000 F1=0.0000 att=[]
  [tpr@fpr=0.001   ] thr=9.1727 k=2725 tp=0 fp=2725 fn=62 P=0.0000 R=0.0000 F1=0.0000 att=[]
  [tpr@fpr=0.01    ] thr=9.1727 k=27258 tp=0 fp=27258 fn=62 P=0.0000 R=0.0000 F1=0.0000 att=[]
  [top-62     ] tp=0 P=0.0000 R=0.0000
  [top-100    ] tp=0 P=0.0000 R=0.0000
  [top-200    ] tp=0 P=0.0000 R=0.0000
  [top-500    ] tp=0 P=0.0000 R=0.0000
  [top-1000   ] tp=0 P=0.0000 R=0.0000
  [top-5000   ] tp=0 P=0.0000 R=0.0000
  [top-10000  ] tp=0 P=0.0000 R=0.0000
  [top-50000  ] tp=0 P=0.0000 R=0.0000
  [top-100000 ] tp=1 P=0.0000 R=0.0161

===== epoch_1 | N=2725941 | 正例=62 =====
  [official        ] thr=6.5240 k=1832077 tp=15 fp=1832062 fn=47 P=0.0000 R=0.2419 F1=0.0000 att=[0, 1]
  [best_f1         ] thr=1.8795 k=2716740 tp=62 fp=2716678 fn=0 P=0.0000 R=1.0000 F1=0.0001 att=[0, 1]
  [best_mcc        ] thr=1.8795 k=2716740 tp=62 fp=2716678 fn=0 P=0.0000 R=1.0000 F1=0.0001 att=[0, 1]
  [tpr@fpr=1e-05   ] thr=13.3396 k=27 tp=0 fp=27 fn=62 P=0.0000 R=0.0000 F1=0.0000 att=[]
  [tpr@fpr=0.0001  ] thr=13.3396 k=272 tp=0 fp=272 fn=62 P=0.0000 R=0.0000 F1=0.0000 att=[]
  [tpr@fpr=0.001   ] thr=13.3396 k=2725 tp=0 fp=2725 fn=62 P=0.0000 R=0.0000 F1=0.0000 att=[]
  [tpr@fpr=0.01    ] thr=13.3396 k=27258 tp=0 fp=27258 fn=62 P=0.0000 R=0.0000 F1=0.0000 att=[]
  [top-62     ] tp=0 P=0.0000 R=0.0000
  [top-100    ] tp=0 P=0.0000 R=0.0000
  [top-200    ] tp=0 P=0.0000 R=0.0000
  [top-500    ] tp=0 P=0.0000 R=0.0000
  [top-1000   ] tp=0 P=0.0000 R=0.0000
  [top-5000   ] tp=0 P=0.0000 R=0.0000
  [top-10000  ] tp=0 P=0.0000 R=0.0000
  [top-50000  ] tp=0 P=0.0000 R=0.0000
  [top-100000 ] tp=1 P=0.0000 R=0.0161

===== epoch_3 | N=2725941 | 正例=62 =====
  [official        ] thr=7.3539 k=1996534 tp=51 fp=1996483 fn=11 P=0.0000 R=0.8226 F1=0.0001 att=[0, 1]
  [best_f1         ] thr=7.2053 k=2097916 tp=54 fp=2097862 fn=8 P=0.0000 R=0.8710 F1=0.0001 att=[0, 1]
  [best_mcc        ] thr=7.2053 k=2097916 tp=54 fp=2097862 fn=8 P=0.0000 R=0.8710 F1=0.0001 att=[0, 1]
  [tpr@fpr=1e-05   ] thr=15.1782 k=27 tp=0 fp=27 fn=62 P=0.0000 R=0.0000 F1=0.0000 att=[]
  [tpr@fpr=0.0001  ] thr=15.1782 k=272 tp=0 fp=272 fn=62 P=0.0000 R=0.0000 F1=0.0000 att=[]
  [tpr@fpr=0.001   ] thr=15.1782 k=2725 tp=0 fp=2725 fn=62 P=0.0000 R=0.0000 F1=0.0000 att=[]
  [tpr@fpr=0.01    ] thr=15.1782 k=27258 tp=0 fp=27258 fn=62 P=0.0000 R=0.0000 F1=0.0000 att=[]
  [top-62     ] tp=0 P=0.0000 R=0.0000
  [top-100    ] tp=0 P=0.0000 R=0.0000
  [top-200    ] tp=0 P=0.0000 R=0.0000
  [top-500    ] tp=0 P=0.0000 R=0.0000
  [top-1000   ] tp=0 P=0.0000 R=0.0000
  [top-5000   ] tp=0 P=0.0000 R=0.0000
  [top-10000  ] tp=0 P=0.0000 R=0.0000
  [top-50000  ] tp=0 P=0.0000 R=0.0000
  [top-100000 ] tp=1 P=0.0000 R=0.0161

===== epoch_5 | N=2725941 | 正例=62 =====
  [official        ] thr=7.7660 k=2617634 tp=56 fp=2617578 fn=6 P=0.0000 R=0.9032 F1=0.0000 att=[0, 1]
  [best_f1         ] thr=8.4544 k=1936514 tp=50 fp=1936464 fn=12 P=0.0000 R=0.8065 F1=0.0001 att=[0, 1]
  [best_mcc        ] thr=8.1006 k=2096338 tp=54 fp=2096284 fn=8 P=0.0000 R=0.8710 F1=0.0001 att=[0, 1]
  [tpr@fpr=1e-05   ] thr=15.6864 k=27 tp=0 fp=27 fn=62 P=0.0000 R=0.0000 F1=0.0000 att=[]
  [tpr@fpr=0.0001  ] thr=15.6864 k=272 tp=0 fp=272 fn=62 P=0.0000 R=0.0000 F1=0.0000 att=[]
  [tpr@fpr=0.001   ] thr=15.6864 k=2725 tp=0 fp=2725 fn=62 P=0.0000 R=0.0000 F1=0.0000 att=[]
  [tpr@fpr=0.01    ] thr=15.6864 k=27258 tp=0 fp=27258 fn=62 P=0.0000 R=0.0000 F1=0.0000 att=[]
  [top-62     ] tp=0 P=0.0000 R=0.0000
  [top-100    ] tp=0 P=0.0000 R=0.0000
  [top-200    ] tp=0 P=0.0000 R=0.0000
  [top-500    ] tp=0 P=0.0000 R=0.0000
  [top-1000   ] tp=0 P=0.0000 R=0.0000
  [top-5000   ] tp=0 P=0.0000 R=0.0000
  [top-10000  ] tp=0 P=0.0000 R=0.0000
  [top-50000  ] tp=0 P=0.0000 R=0.0000
  [top-100000 ] tp=1 P=0.0000 R=0.0161

===== epoch_7 | N=2725941 | 正例=62 =====
  [official        ] thr=8.0023 k=2617364 tp=56 fp=2617308 fn=6 P=0.0000 R=0.9032 F1=0.0000 att=[0, 1]
  [best_f1         ] thr=8.5999 k=1901040 tp=50 fp=1900990 fn=12 P=0.0000 R=0.8065 F1=0.0001 att=[0, 1]
  [best_mcc        ] thr=8.3869 k=1941092 tp=51 fp=1941041 fn=11 P=0.0000 R=0.8226 F1=0.0001 att=[0, 1]
  [tpr@fpr=1e-05   ] thr=15.4545 k=27 tp=0 fp=27 fn=62 P=0.0000 R=0.0000 F1=0.0000 att=[]
  [tpr@fpr=0.0001  ] thr=15.4545 k=272 tp=0 fp=272 fn=62 P=0.0000 R=0.0000 F1=0.0000 att=[]
  [tpr@fpr=0.001   ] thr=15.4545 k=2725 tp=0 fp=2725 fn=62 P=0.0000 R=0.0000 F1=0.0000 att=[]
  [tpr@fpr=0.01    ] thr=15.4545 k=27258 tp=0 fp=27258 fn=62 P=0.0000 R=0.0000 F1=0.0000 att=[]
  [top-62     ] tp=0 P=0.0000 R=0.0000
  [top-100    ] tp=0 P=0.0000 R=0.0000
  [top-200    ] tp=0 P=0.0000 R=0.0000
  [top-500    ] tp=0 P=0.0000 R=0.0000
  [top-1000   ] tp=0 P=0.0000 R=0.0000
  [top-5000   ] tp=0 P=0.0000 R=0.0000
  [top-10000  ] tp=0 P=0.0000 R=0.0000
  [top-50000  ] tp=0 P=0.0000 R=0.0000
  [top-100000 ] tp=1 P=0.0000 R=0.0161

===== epoch_9 | N=2725941 | 正例=62 =====
  [official        ] thr=8.0492 k=2666178 tp=56 fp=2666122 fn=6 P=0.0000 R=0.9032 F1=0.0000 att=[0, 1]
  [best_f1         ] thr=8.4012 k=2096387 tp=54 fp=2096333 fn=8 P=0.0000 R=0.8710 F1=0.0001 att=[0, 1]
  [best_mcc        ] thr=8.4012 k=2096387 tp=54 fp=2096333 fn=8 P=0.0000 R=0.8710 F1=0.0001 att=[0, 1]
  [tpr@fpr=1e-05   ] thr=15.0248 k=27 tp=0 fp=27 fn=62 P=0.0000 R=0.0000 F1=0.0000 att=[]
  [tpr@fpr=0.0001  ] thr=15.0248 k=272 tp=0 fp=272 fn=62 P=0.0000 R=0.0000 F1=0.0000 att=[]
  [tpr@fpr=0.001   ] thr=15.0248 k=2725 tp=0 fp=2725 fn=62 P=0.0000 R=0.0000 F1=0.0000 att=[]
  [tpr@fpr=0.01    ] thr=15.0248 k=27258 tp=0 fp=27258 fn=62 P=0.0000 R=0.0000 F1=0.0000 att=[]
  [top-62     ] tp=0 P=0.0000 R=0.0000
  [top-100    ] tp=0 P=0.0000 R=0.0000
  [top-200    ] tp=0 P=0.0000 R=0.0000
  [top-500    ] tp=0 P=0.0000 R=0.0000
  [top-1000   ] tp=0 P=0.0000 R=0.0000
  [top-5000   ] tp=0 P=0.0000 R=0.0000
  [top-10000  ] tp=0 P=0.0000 R=0.0000
  [top-50000  ] tp=0 P=0.0000 R=0.0000
  [top-100000 ] tp=1 P=0.0000 R=0.0161

===== epoch_11 | N=2725941 | 正例=62 =====
  [official        ] thr=8.2025 k=2666178 tp=56 fp=2666122 fn=6 P=0.0000 R=0.9032 F1=0.0000 att=[0, 1]
  [best_f1         ] thr=8.3916 k=2098707 tp=54 fp=2098653 fn=8 P=0.0000 R=0.8710 F1=0.0001 att=[0, 1]
  [best_mcc        ] thr=8.3916 k=2098707 tp=54 fp=2098653 fn=8 P=0.0000 R=0.8710 F1=0.0001 att=[0, 1]
  [tpr@fpr=1e-05   ] thr=14.6110 k=27 tp=0 fp=27 fn=62 P=0.0000 R=0.0000 F1=0.0000 att=[]
  [tpr@fpr=0.0001  ] thr=14.6110 k=272 tp=0 fp=272 fn=62 P=0.0000 R=0.0000 F1=0.0000 att=[]
  [tpr@fpr=0.001   ] thr=14.6110 k=2725 tp=0 fp=2725 fn=62 P=0.0000 R=0.0000 F1=0.0000 att=[]
  [tpr@fpr=0.01    ] thr=14.6110 k=27258 tp=0 fp=27258 fn=62 P=0.0000 R=0.0000 F1=0.0000 att=[]
  [top-62     ] tp=0 P=0.0000 R=0.0000
  [top-100    ] tp=0 P=0.0000 R=0.0000
  [top-200    ] tp=0 P=0.0000 R=0.0000
  [top-500    ] tp=0 P=0.0000 R=0.0000
  [top-1000   ] tp=0 P=0.0000 R=0.0000
  [top-5000   ] tp=0 P=0.0000 R=0.0000
  [top-10000  ] tp=0 P=0.0000 R=0.0000
  [top-50000  ] tp=0 P=0.0000 R=0.0000
  [top-100000 ] tp=1 P=0.0000 R=0.0161

[saved] /home/user/thr_scan_threatrace/threshold_scan.json
[saved] /home/user/thr_scan_threatrace/pr_curve.png
[saved] /home/user/thr_scan_threatrace/recall_at_topk.png
